<testsuite tests="56">
  <testcase classname="ExternalCredentialServiceTest" name="testCreateCredentialValues" time="34" />
  <testcase classname="ExternalCredentialServiceTest" name="testCreateExternalCredential" time="8" />
  <testcase classname="ExternalCredentialServiceTest" name="testGetExternalCredential" time="7" />
  <testcase classname="ExternalCredentialServiceTest" name="testUpdateCredentialValues" time="9" />
  <testcase classname="GitHubControllerTest" name="setupTestData" time="106" />
  <testcase classname="GitHubControllerTest" name="testGetAllConfigurations" time="20" />
  <testcase classname="GitHubControllerTest" name="testGetBranches" time="6" />
  <testcase classname="GitHubControllerTest" name="testGetConfigurationByApp_Blank" time="5" />
  <testcase classname="GitHubControllerTest" name="testGetConfigurationByApp_InactiveFiltered" time="11" />
  <testcase classname="GitHubControllerTest" name="testGetConfigurationByApp_Invalid" time="20" />
  <testcase classname="GitHubControllerTest" name="testGetConfigurationByApp_Valid" time="15" />
  <testcase classname="GitHubControllerTest" name="testGetContentTree" time="12" />
  <testcase classname="GitHubControllerTest" name="testGetDirectoryContents" time="9" />
  <testcase classname="GitHubControllerTest" name="testGetDocsContentByApp_InvalidApp" time="16" />
  <testcase classname="GitHubControllerTest" name="testGetDocsContentByApp_Valid" time="15" />
  <testcase classname="GitHubControllerTest" name="testGetMarkdownContent" time="6" />
  <testcase classname="GitHubControllerTest" name="testGetReleases" time="13" />
  <testcase classname="GitHubControllerTest" name="testGetRepositories" time="5" />
  <testcase classname="GitHubControllerTest" name="testGetRepositories_Error" time="4" />
  <testcase classname="GitHubControllerTest" name="testGetTags" time="7" />
  <testcase classname="GitHubControllerTest" name="testGetVersionOptionsByApp" time="13" />
  <testcase classname="GitHubControllerTest" name="testGetVersionOptionsByApp_InvalidApp" time="17" />
  <testcase classname="GitHubControllerTest" name="testWrapperClasses" time="5" />
  <testcase classname="GitHubServiceTest" name="testFilterMarkdownFiles" time="19" />
  <testcase classname="GitHubServiceTest" name="testFilterTreeByPath" time="4" />
  <testcase classname="GitHubServiceTest" name="testGetBranches" time="14" />
  <testcase classname="GitHubServiceTest" name="testGetContents_Directory" time="8" />
  <testcase classname="GitHubServiceTest" name="testGetContents_SingleFile" time="4" />
  <testcase classname="GitHubServiceTest" name="testGetFileContent" time="5" />
  <testcase classname="GitHubServiceTest" name="testGetReleases" time="5" />
  <testcase classname="GitHubServiceTest" name="testGetTags" time="5" />
  <testcase classname="GitHubServiceTest" name="testGetTree" time="5" />
  <testcase classname="GitHubServiceTest" name="testGitHubException" time="5" />
  <testcase classname="GitHubServiceTest" name="testListRepositories" time="5" />
  <testcase classname="GitHubServiceTest" name="testListRepositories_Error" time="5" />
  <testcase classname="OAuthClientCredentialsServiceTest" name="testAuthException" time="28" />
  <testcase classname="OAuthClientCredentialsServiceTest" name="testAuthException_Chained" time="7" />
  <testcase classname="OAuthClientCredentialsServiceTest" name="testGetAccessToken_AdditionalParams_WithTestOverride" time="6" />
  <testcase classname="OAuthClientCredentialsServiceTest" name="testGetAccessToken_BlankExternalCredential" time="7" />
  <testcase classname="OAuthClientCredentialsServiceTest" name="testGetAccessToken_BlankTokenUrl" time="7" />
  <testcase classname="OAuthClientCredentialsServiceTest" name="testGetAccessToken_CustomPrincipal_WithTestOverride" time="7" />
  <testcase classname="OAuthClientCredentialsServiceTest" name="testGetAccessToken_NoOverride_ConnectApiException" time="8" />
  <testcase classname="OAuthClientCredentialsServiceTest" name="testGetAccessToken_WithTestOverride" time="5" />
  <testcase classname="PermissionCheckerTest" name="testHasCustomPermission" time="50" />
  <testcase classname="PermissionCheckerTest" name="testHasFieldAccess" time="127" />
  <testcase classname="PermissionCheckerTest" name="testHasObjectAccess" time="5" />
  <testcase classname="PermissionCheckerTest" name="testHasPermission" time="10" />
  <testcase classname="PermissionCheckerTest" name="testHasPermissionSet" time="696" />
  <testcase classname="PermissionCheckerTest" name="testHasProfile" time="45" />
  <testcase classname="StaticResourceTreeTest" name="setupTestData" time="8" />
  <testcase classname="StaticResourceTreeTest" name="testGetFileContent" time="118" />
  <testcase classname="StaticResourceTreeTest" name="testGetFileContentNonExistentFile" time="49" />
  <testcase classname="StaticResourceTreeTest" name="testGetTree" time="52" />
  <testcase classname="StaticResourceTreeTest" name="testGetTreeAsJson" time="56" />
  <testcase classname="StaticResourceTreeTest" name="testGetTreeNonExistentResource" time="7" />
  <testcase classname="StaticResourceTreeTest" name="testTreeStructure" time="48" />
</testsuite>